test4
test5
Thread 0	ProcessNew	0
Thread 1	test4		(Pri: 105)
Thread 1	ProcessNew	10
Thread 1	ProcessReady	10
Tick 10 Thread 1 move to SJF queue
Thread 2	test5		(Pri: 100)
Thread 2	ProcessNew	20
Thread 2	ProcessReady	20
Tick 20 Thread 2 move to SJF queue
Thread 0	ProcessFinish	30
Thread 0	ProcessSleep	30
Thread 1	ProcessRunning	30
Tick 30 Thread 0 change its burst time to 15
Tick 52 Thread 1 change its burst time to 11
Tick 52 Thread1 changes its priority to 105
Tick 272 Thread 1 change its burst time to 115.5
Tick 272 Thread1 changes its priority to 105
Tick 496 Thread 1 change its burst time to 169.75
Tick 496 Thread1 changes its priority to 105
Thread 1	ProcessReady	500
Tick 500 Thread 1 move to SJF queue
Thread 2	ProcessRunning	500
Tick 500 Thread 1 change its burst time to 86.875
Tick 522 Thread 2 change its burst time to 11
Tick 522 Thread2 changes its priority to 100
Tick 642 Thread 2 change its burst time to 65.5
Tick 642 Thread2 changes its priority to 100
Tick 766 Thread 2 change its burst time to 94.75
Tick 766 Thread2 changes its priority to 100
Tick 890 Thread 2 change its burst time to 109.375
Tick 890 Thread2 changes its priority to 100
Thread 2	ProcessReady	1000
Tick 1000 Thread 2 move to SJF queue
Thread 1	ProcessRunning	1000
Tick 1000 Thread 2 change its burst time to 109.688
Tick 1230 Thread 1 change its burst time to 158.438
Tick 1230 Thread1 changes its priority to 105
Tick 1454 Thread 1 change its burst time to 191.219
Tick 1454 Thread1 changes its priority to 105
Thread 1	ProcessReady	1500
Tick 1500 Thread 1 move to SJF queue
Thread 2	ProcessRunning	1500
Tick 1500 Thread 1 change its burst time to 118.609
Tick 1524 Thread 2 change its burst time to 66.8438
Tick 1524 Thread2 changes its priority to 100
Tick 1648 Thread 2 change its burst time to 95.4219
Tick 1648 Thread2 changes its priority to 100
Tick 1772 Thread 2 change its burst time to 109.711
Tick 1772 Thread2 changes its priority to 100
Tick 1896 Thread 2 change its burst time to 116.855
Tick 1896 Thread2 changes its priority to 100
Thread 2	ProcessReady	2000
Tick 2000 Thread 2 move to SJF queue
Tick 2030 Thread 2 change its burst time to 125.428
Tick 2030 Thread2 changes its priority to 100
Tick 2154 Thread 2 change its burst time to 124.714
Tick 2154 Thread2 changes its priority to 100
Tick 2278 Thread 2 change its burst time to 124.357
Tick 2278 Thread2 changes its priority to 100
return value:0
Thread 2	ProcessFinish	2301
Thread 2	ProcessSleep	2301
Thread 1	ProcessRunning	2301
Tick 2301 Thread 2 change its burst time to 73.6785
Tick 2489 Thread 1 change its burst time to 153.305
Tick 2489 Thread1 changes its priority to 105
Thread 1	ProcessReady	2500
Tick 2500 Thread 1 move to SJF queue
Tick 2723 Thread 1 change its burst time to 193.652
Tick 2723 Thread1 changes its priority to 105
Tick 2947 Thread 1 change its burst time to 208.826
Tick 2947 Thread1 changes its priority to 105
Thread 1	ProcessReady	3000
Tick 3000 Thread 1 move to SJF queue
Tick 3181 Thread 1 change its burst time to 221.413
Tick 3181 Thread1 changes its priority to 105
Tick 3405 Thread 1 change its burst time to 222.707
Tick 3405 Thread1 changes its priority to 105
Thread 1	ProcessReady	3500
Tick 3500 Thread 1 move to SJF queue
Tick 3639 Thread 1 change its burst time to 228.353
Tick 3639 Thread1 changes its priority to 105
return value:0
Thread 1	ProcessFinish	3662
Thread 1	ProcessSleep	3662
No threads ready or runnable, and no pending interrupts.
Assuming the program completed.
Machine halting!

Ticks: total 4000, idle 338, system 120, user 3542
Disk I/O: reads 0, writes 0
Console I/O: reads 0, writes 0
Paging: faults 0
Network I/O: packets received 0, sent 0
